###############################################################################
#
# IAR ELF Linker V8.30.2.160/W32 for ARM                  26/Feb/2020  17:07:40
# Copyright 2007-2018 IAR Systems AB.
#
#    Output file  =  
#        C:\Tai lieu C C++\30 Hoc lap trinh
#        nhung\Project_IAR\BlinkLed_byButton\project\Debug\Exe\BlinkLedByButton.out
#    Map file     =  
#        C:\Tai lieu C C++\30 Hoc lap trinh
#        nhung\Project_IAR\BlinkLed_byButton\project\Debug\List\BlinkLedByButton.map
#    Command line =  
#        -f C:\Users\Dicom\AppData\Local\Temp\EWE92B.tmp ("C:\Tai lieu C C++\30
#        Hoc lap trinh
#        nhung\Project_IAR\BlinkLed_byButton\project\Debug\Obj\main.o" "C:\Tai
#        lieu C C++\30 Hoc lap trinh
#        nhung\Project_IAR\BlinkLed_byButton\project\Debug\Obj\startup_MKL46Z4.o"
#        "C:\Tai lieu C C++\30 Hoc lap trinh
#        nhung\Project_IAR\BlinkLed_byButton\project\Debug\Obj\system_MKL46Z4.o"
#        --no_out_extension -o "C:\Tai lieu C C++\30 Hoc lap trinh
#        nhung\Project_IAR\BlinkLed_byButton\project\Debug\Exe\BlinkLedByButton.out"
#        --map "C:\Tai lieu C C++\30 Hoc lap trinh
#        nhung\Project_IAR\BlinkLed_byButton\project\Debug\List\BlinkLedByButton.map"
#        --config "C:\Program Files (x86)\IAR Systems\Embedded Workbench
#        8.1\arm\config\linker\NXP\MKL46Z256xxx4.icf" --semihosting --entry
#        __iar_program_start --vfe --text_out locale)
#
###############################################################################

*******************************************************************************
*** RUNTIME MODEL ATTRIBUTES
***

CppFlavor       = *
__SystemLibrary = DLib
__dlib_version  = 6


*******************************************************************************
*** HEAP SELECTION
***

The basic heap was selected because no calls to memory allocation
functions were found in the application outside of system library
functions, and there are calls to deallocation functions in the
application.


*******************************************************************************
*** PLACEMENT SUMMARY
***

"A0":  place at 0x0 { ro section .intvec };
"P1":  place in [from 0x0 to 0x3ff] |
                [from 0x410 to 0x3'ffff] { ro };
define block CSTACK with size = 2K, alignment = 8 { };
define block HEAP with size = 4K, alignment = 8 { };
"P3":  place in [from 0x1fff'e000 to 0x1fff'ffff] |
                [from 0x2000'0000 to 0x2000'5fff] {
          rw, block CSTACK, block HEAP };
"P5":  place in [from 0x400 to 0x40f] { section FlashConfig };

No sections matched the following patterns:

  ro section application_specific_ro  in "P2|P4"
  rw                                  in "P3"
  rw section application_specific_rw  in "P2|P4"


  Section      Kind         Address   Size  Object
  -------      ----         -------   ----  ------
"A0":                                 0xc0
  .intvec      ro code          0x0   0xc0  startup_MKL46Z4.o [1]
                             - 0xc0   0xc0

"P1":                                0x1ae
  .text        ro code         0xc0   0xb8  main.o [1]
  .text        ro code        0x178   0x24  startup_MKL46Z4.o [1]
  .text        ro code        0x19c   0x1e  cmain.o [3]
  .text        ro code        0x1ba    0x4  low_level_init.o [2]
  .text        ro code        0x1be    0x8  exit.o [2]
  .text        ro code        0x1c6    0x2  startup_MKL46Z4.o [1]
  .text        ro code        0x1c8    0xa  cexit.o [3]
  .text        ro code        0x1d2    0x2  startup_MKL46Z4.o [1]
  .text        ro code        0x1d4   0x14  exit.o [4]
  .text        ro code        0x1e8    0xc  system_MKL46Z4.o [1]
  .text        ro code        0x1f4    0xc  cstartup_M.o [3]
  .text        ro code        0x200    0x8  startup_MKL46Z4.o [1]
  .text        ro code        0x208    0x8  startup_MKL46Z4.o [1]
  .text        ro code        0x210    0x8  startup_MKL46Z4.o [1]
  .text        ro code        0x218    0x8  startup_MKL46Z4.o [1]
  .text        ro code        0x220    0x8  startup_MKL46Z4.o [1]
  .text        ro code        0x228    0x8  startup_MKL46Z4.o [1]
  .text        ro code        0x230    0x8  startup_MKL46Z4.o [1]
  .text        ro code        0x238    0x8  startup_MKL46Z4.o [1]
  .text        ro code        0x240    0x8  startup_MKL46Z4.o [1]
  .text        ro code        0x248    0x8  startup_MKL46Z4.o [1]
  .text        ro code        0x250    0x8  startup_MKL46Z4.o [1]
  .text        ro code        0x258    0x8  startup_MKL46Z4.o [1]
  .text        ro code        0x260    0x8  startup_MKL46Z4.o [1]
  .text        ro code        0x268    0x2  startup_MKL46Z4.o [1]
  .text        ro code        0x26a    0x2  startup_MKL46Z4.o [1]
  .text        ro code        0x26c    0x2  startup_MKL46Z4.o [1]
                            - 0x26e  0x1ae

"P5":                                 0x10
  FlashConfig  ro code        0x400   0x10  startup_MKL46Z4.o [1]
                            - 0x410   0x10

"P3":                                0x800
  CSTACK                0x1fff'e000  0x800  <Block>
    CSTACK     uninit   0x1fff'e000  0x800  <Block tail>
                      - 0x1fff'e800  0x800

Unused ranges:

         From           To      Size
         ----           --      ----
        0x26e        0x3ff     0x192
        0x410     0x3'ffff  0x3'fbf0
  0x1fff'e800  0x1fff'ffff    0x1800
  0x2000'0000  0x2000'5fff    0x6000



*******************************************************************************
*** MODULE SUMMARY
***

    Module             ro code  rw data
    ------             -------  -------
command line/config:
    -----------------------------------
    Total:

C:\Tai lieu C C++\30 Hoc lap trinh nhung\Project_IAR\BlinkLed_byButton\project\Debug\Obj: [1]
    main.o                 184
    startup_MKL46Z4.o      358
    system_MKL46Z4.o        12
    -----------------------------------
    Total:                 554

dl6M_tln.a: [2]
    exit.o                   8
    low_level_init.o         4
    -----------------------------------
    Total:                  12

rt6M_tl.a: [3]
    cexit.o                 10
    cmain.o                 30
    cstartup_M.o            12
    -----------------------------------
    Total:                  52

shb_l.a: [4]
    exit.o                  20
    -----------------------------------
    Total:                  20

    Linker created                2 048
---------------------------------------
    Grand Total:           638    2 048


*******************************************************************************
*** ENTRY LIST
***

Entry                     Address  Size  Type      Object
-----                     -------  ----  ----      ------
?main                       0x19d        Code  Gb  cmain.o [3]
CSTACK$$Base          0x1fff'e000         --   Gb  - Linker created -
CSTACK$$Limit         0x1fff'e800         --   Gb  - Linker created -
Region$$Table$$Base           0x0         --   Gb  - Linker created -
Region$$Table$$Limit          0x0         --   Gb  - Linker created -
SystemInit                  0x1e9   0x8  Code  Gb  system_MKL46Z4.o [1]
__Vectors                     0x0         --   Gb  startup_MKL46Z4.o [1]
__Vectors_End                0xc0        Data  Gb  startup_MKL46Z4.o [1]
__Vectors_Size {Abs}         0xc0         --   Gb  startup_MKL46Z4.o [1]
__cmain                     0x19d        Code  Gb  cmain.o [3]
__exit                      0x1d5  0x14  Code  Gb  exit.o [4]
__iar_program_start         0x1f5        Code  Gb  cstartup_M.o [3]
__low_level_init            0x1bb   0x4  Code  Gb  low_level_init.o [2]
__vector_table                0x0        Data  Gb  startup_MKL46Z4.o [1]
__vector_table_0x1c          0x1c        Data  Gb  startup_MKL46Z4.o [1]
_call_main                  0x1a9        Code  Gb  cmain.o [3]
_exit                       0x1c9        Code  Gb  cexit.o [3]
_main                       0x1b7        Code  Gb  cmain.o [3]
delay                        0xc1  0x1e  Code  Gb  main.o [1]
exit                        0x1bf   0x8  Code  Gb  exit.o [2]
main                         0xdf  0x74  Code  Gb  main.o [1]


[1] = C:\Tai lieu C C++\30 Hoc lap trinh nhung\Project_IAR\BlinkLed_byButton\project\Debug\Obj
[2] = dl6M_tln.a
[3] = rt6M_tl.a
[4] = shb_l.a

    638 bytes of readonly  code memory
  2 048 bytes of readwrite data memory

Errors: none
Warnings: none
