###############################################################################
#
# IAR ELF Linker V8.30.2.160/W32 for ARM                  11/Mar/2020  13:49:49
# Copyright 2007-2018 IAR Systems AB.
#
#    Output file  =  
#        C:\Tai lieu C C++\30 Hoc lap trinh
#        nhung\Project_IAR\BlinkLed_ngat1Button\project\Debug\Exe\ngat_1_Btn.out
#    Map file     =  
#        C:\Tai lieu C C++\30 Hoc lap trinh
#        nhung\Project_IAR\BlinkLed_ngat1Button\project\Debug\List\ngat_1_Btn.map
#    Command line =  
#        -f C:\Users\Dicom\AppData\Local\Temp\EWE576.tmp ("C:\Tai lieu C C++\30
#        Hoc lap trinh
#        nhung\Project_IAR\BlinkLed_ngat1Button\project\Debug\Obj\main.o"
#        "C:\Tai lieu C C++\30 Hoc lap trinh
#        nhung\Project_IAR\BlinkLed_ngat1Button\project\Debug\Obj\startup_MKL46Z4.o"
#        "C:\Tai lieu C C++\30 Hoc lap trinh
#        nhung\Project_IAR\BlinkLed_ngat1Button\project\Debug\Obj\system_MKL46Z4.o"
#        --no_out_extension -o "C:\Tai lieu C C++\30 Hoc lap trinh
#        nhung\Project_IAR\BlinkLed_ngat1Button\project\Debug\Exe\ngat_1_Btn.out"
#        --map "C:\Tai lieu C C++\30 Hoc lap trinh
#        nhung\Project_IAR\BlinkLed_ngat1Button\project\Debug\List\ngat_1_Btn.map"
#        --config "C:\Program Files (x86)\IAR Systems\Embedded Workbench
#        8.1\arm\config\linker\NXP\MKL46Z256xxx4.icf" --semihosting --entry
#        __iar_program_start --vfe --text_out locale)
#
###############################################################################

*******************************************************************************
*** RUNTIME MODEL ATTRIBUTES
***

CppFlavor       = *
__SystemLibrary = DLib
__dlib_version  = 6


*******************************************************************************
*** HEAP SELECTION
***

The basic heap was selected because no calls to memory allocation
functions were found in the application outside of system library
functions, and there are calls to deallocation functions in the
application.


*******************************************************************************
*** PLACEMENT SUMMARY
***

"A0":  place at 0x0 { ro section .intvec };
"P1":  place in [from 0x0 to 0x3ff] |
                [from 0x410 to 0x3'ffff] { ro };
define block CSTACK with size = 2K, alignment = 8 { };
define block HEAP with size = 4K, alignment = 8 { };
"P3":  place in [from 0x1fff'e000 to 0x1fff'ffff] |
                [from 0x2000'0000 to 0x2000'5fff] {
          rw, block CSTACK, block HEAP };
"P5":  place in [from 0x400 to 0x40f] { section FlashConfig };

No sections matched the following patterns:

  ro section application_specific_ro  in "P2|P4"
  rw                                  in "P3"
  rw section application_specific_rw  in "P2|P4"


  Section      Kind         Address   Size  Object
  -------      ----         -------   ----  ------
"A0":                                 0xc0
  .intvec      ro code          0x0   0xc0  startup_MKL46Z4.o [1]
                             - 0xc0   0xc0

"P5":                                 0x10
  FlashConfig  ro code        0x400   0x10  startup_MKL46Z4.o [1]
                            - 0x410   0x10

"P1":                                0x292
  .text        ro code        0x410  0x19c  main.o [1]
  .text        ro code        0x5ac   0x24  startup_MKL46Z4.o [1]
  .text        ro code        0x5d0   0x1e  cmain.o [3]
  .text        ro code        0x5ee    0x4  low_level_init.o [2]
  .text        ro code        0x5f2    0x8  exit.o [2]
  .text        ro code        0x5fa    0x2  startup_MKL46Z4.o [1]
  .text        ro code        0x5fc    0xa  cexit.o [3]
  .text        ro code        0x606    0x2  startup_MKL46Z4.o [1]
  .text        ro code        0x608   0x14  exit.o [4]
  .text        ro code        0x61c    0xc  system_MKL46Z4.o [1]
  .text        ro code        0x628    0xc  cstartup_M.o [3]
  .text        ro code        0x634    0x8  startup_MKL46Z4.o [1]
  .text        ro code        0x63c    0x8  startup_MKL46Z4.o [1]
  .text        ro code        0x644    0x8  startup_MKL46Z4.o [1]
  .text        ro code        0x64c    0x8  startup_MKL46Z4.o [1]
  .text        ro code        0x654    0x8  startup_MKL46Z4.o [1]
  .text        ro code        0x65c    0x8  startup_MKL46Z4.o [1]
  .text        ro code        0x664    0x8  startup_MKL46Z4.o [1]
  .text        ro code        0x66c    0x8  startup_MKL46Z4.o [1]
  .text        ro code        0x674    0x8  startup_MKL46Z4.o [1]
  .text        ro code        0x67c    0x8  startup_MKL46Z4.o [1]
  .text        ro code        0x684    0x8  startup_MKL46Z4.o [1]
  .text        ro code        0x68c    0x8  startup_MKL46Z4.o [1]
  .text        ro code        0x694    0x8  startup_MKL46Z4.o [1]
  .text        ro code        0x69c    0x2  startup_MKL46Z4.o [1]
  .text        ro code        0x69e    0x2  startup_MKL46Z4.o [1]
  .text        ro code        0x6a0    0x2  startup_MKL46Z4.o [1]
                            - 0x6a2  0x292

"P3":                                0x800
  CSTACK                0x1fff'e000  0x800  <Block>
    CSTACK     uninit   0x1fff'e000  0x800  <Block tail>
                      - 0x1fff'e800  0x800

Unused ranges:

         From           To      Size
         ----           --      ----
         0xc0        0x3ff     0x340
        0x6a2     0x3'ffff  0x3'f95e
  0x1fff'e800  0x1fff'ffff    0x1800
  0x2000'0000  0x2000'5fff    0x6000



*******************************************************************************
*** MODULE SUMMARY
***

    Module             ro code  rw data
    ------             -------  -------
command line/config:
    -----------------------------------
    Total:

C:\Tai lieu C C++\30 Hoc lap trinh nhung\Project_IAR\BlinkLed_ngat1Button\project\Debug\Obj: [1]
    main.o                 412
    startup_MKL46Z4.o      358
    system_MKL46Z4.o        12
    -----------------------------------
    Total:                 782

dl6M_tln.a: [2]
    exit.o                   8
    low_level_init.o         4
    -----------------------------------
    Total:                  12

rt6M_tl.a: [3]
    cexit.o                 10
    cmain.o                 30
    cstartup_M.o            12
    -----------------------------------
    Total:                  52

shb_l.a: [4]
    exit.o                  20
    -----------------------------------
    Total:                  20

    Linker created                2 048
---------------------------------------
    Grand Total:           866    2 048


*******************************************************************************
*** ENTRY LIST
***

Entry                       Address  Size  Type      Object
-----                       -------  ----  ----      ------
?main                         0x5d1        Code  Gb  cmain.o [3]
CSTACK$$Base            0x1fff'e000         --   Gb  - Linker created -
CSTACK$$Limit           0x1fff'e800         --   Gb  - Linker created -
NVIC_ClearPendingIRQ          0x41f   0xe  Code  Lc  main.o [1]
NVIC_EnableIRQ                0x411   0xe  Code  Lc  main.o [1]
NVIC_SetPriority              0x42d  0x8a  Code  Lc  main.o [1]
PORTC_PORTD_IRQHandler        0x54b  0x1a  Code  Gb  main.o [1]
Region$$Table$$Base             0x0         --   Gb  - Linker created -
Region$$Table$$Limit            0x0         --   Gb  - Linker created -
SystemInit                    0x61d   0x8  Code  Gb  system_MKL46Z4.o [1]
__Vectors                       0x0         --   Gb  startup_MKL46Z4.o [1]
__Vectors_End                  0xc0        Data  Gb  startup_MKL46Z4.o [1]
__Vectors_Size {Abs}           0xc0         --   Gb  startup_MKL46Z4.o [1]
__cmain                       0x5d1        Code  Gb  cmain.o [3]
__exit                        0x609  0x14  Code  Gb  exit.o [4]
__iar_program_start           0x629        Code  Gb  cstartup_M.o [3]
__low_level_init              0x5ef   0x4  Code  Gb  low_level_init.o [2]
__vector_table                  0x0        Data  Gb  startup_MKL46Z4.o [1]
__vector_table_0x1c            0x1c        Data  Gb  startup_MKL46Z4.o [1]
_call_main                    0x5dd        Code  Gb  cmain.o [3]
_exit                         0x5fd        Code  Gb  cexit.o [3]
_main                         0x5eb        Code  Gb  cmain.o [3]
exit                          0x5f3   0x8  Code  Gb  exit.o [2]
init_interrupt                0x533  0x18  Code  Gb  main.o [1]
init_led                      0x505  0x2e  Code  Gb  main.o [1]
init_sw                       0x4b7  0x4e  Code  Gb  main.o [1]
main                          0x59d  0x10  Code  Gb  main.o [1]


[1] = C:\Tai lieu C C++\30 Hoc lap trinh nhung\Project_IAR\BlinkLed_ngat1Button\project\Debug\Obj
[2] = dl6M_tln.a
[3] = rt6M_tl.a
[4] = shb_l.a

    866 bytes of readonly  code memory
  2 048 bytes of readwrite data memory

Errors: none
Warnings: none
