###############################################################################
#
# IAR ELF Linker V8.30.2.160/W32 for ARM                  03/May/2020  00:19:34
# Copyright 2007-2018 IAR Systems AB.
#
#    Output file  =  
#        B:\Tai lieu C C++\30 Hoc lap trinh
#        nhung\Project_IAR\UART_chuan\project\Debug\Exe\uart_chuan.out
#    Map file     =  
#        B:\Tai lieu C C++\30 Hoc lap trinh
#        nhung\Project_IAR\UART_chuan\project\Debug\List\uart_chuan.map
#    Command line =  
#        -f C:\Users\Dicom\AppData\Local\Temp\EW2717.tmp ("B:\Tai lieu C C++\30
#        Hoc lap trinh
#        nhung\Project_IAR\UART_chuan\project\Debug\Obj\startup_MKL46Z4.o"
#        "B:\Tai lieu C C++\30 Hoc lap trinh
#        nhung\Project_IAR\UART_chuan\project\Debug\Obj\system_MKL46Z4.o"
#        "B:\Tai lieu C C++\30 Hoc lap trinh
#        nhung\Project_IAR\UART_chuan\project\Debug\Obj\uart_code.o"
#        --no_out_extension -o "B:\Tai lieu C C++\30 Hoc lap trinh
#        nhung\Project_IAR\UART_chuan\project\Debug\Exe\uart_chuan.out" --map
#        "B:\Tai lieu C C++\30 Hoc lap trinh
#        nhung\Project_IAR\UART_chuan\project\Debug\List\uart_chuan.map"
#        --config "C:\Program Files (x86)\IAR Systems\Embedded Workbench
#        8.1\arm\config\linker\NXP\MKL46Z256xxx4.icf" --semihosting --entry
#        __iar_program_start --vfe --text_out locale)
#
###############################################################################

*******************************************************************************
*** RUNTIME MODEL ATTRIBUTES
***

CppFlavor       = *
__SystemLibrary = DLib
__dlib_version  = 6


*******************************************************************************
*** HEAP SELECTION
***

The basic heap was selected because no calls to memory allocation
functions were found in the application outside of system library
functions, and there are calls to deallocation functions in the
application.


*******************************************************************************
*** PLACEMENT SUMMARY
***

"A0":  place at 0x0 { ro section .intvec };
"P1":  place in [from 0x0 to 0x3ff] |
                [from 0x410 to 0x3'ffff] { ro };
define block CSTACK with size = 2K, alignment = 8 { };
define block HEAP with size = 4K, alignment = 8 { };
"P3":  place in [from 0x1fff'e000 to 0x1fff'ffff] |
                [from 0x2000'0000 to 0x2000'5fff] {
          rw, block CSTACK, block HEAP };
"P5":  place in [from 0x400 to 0x40f] { section FlashConfig };

No sections matched the following patterns:

  ro section application_specific_ro  in "P2|P4"
  rw                                  in "P3"
  rw section application_specific_rw  in "P2|P4"


  Section      Kind         Address   Size  Object
  -------      ----         -------   ----  ------
"A0":                                 0xc0
  .intvec      ro code          0x0   0xc0  startup_MKL46Z4.o [1]
                             - 0xc0   0xc0

"P5":                                 0x10
  FlashConfig  ro code        0x400   0x10  startup_MKL46Z4.o [1]
                            - 0x410   0x10

"P1":                                0x2e0
  .text        ro code        0x410  0x1ea  uart_code.o [1]
  .text        ro code        0x5fa    0x2  startup_MKL46Z4.o [1]
  .text        ro code        0x5fc   0x24  startup_MKL46Z4.o [1]
  .text        ro code        0x620   0x1e  cmain.o [3]
  .text        ro code        0x63e    0x4  low_level_init.o [2]
  .text        ro code        0x642    0x8  exit.o [2]
  .text        ro code        0x64a    0x2  startup_MKL46Z4.o [1]
  .text        ro code        0x64c    0xa  cexit.o [3]
  .text        ro code        0x656    0x2  startup_MKL46Z4.o [1]
  .text        ro code        0x658   0x14  exit.o [4]
  .text        ro code        0x66c    0xc  system_MKL46Z4.o [1]
  .text        ro code        0x678    0xc  cstartup_M.o [3]
  .text        ro code        0x684    0x8  startup_MKL46Z4.o [1]
  .text        ro code        0x68c    0x8  startup_MKL46Z4.o [1]
  .text        ro code        0x694    0x8  startup_MKL46Z4.o [1]
  .text        ro code        0x69c    0x8  startup_MKL46Z4.o [1]
  .text        ro code        0x6a4    0x8  startup_MKL46Z4.o [1]
  .text        ro code        0x6ac    0x8  startup_MKL46Z4.o [1]
  .text        ro code        0x6b4    0x8  startup_MKL46Z4.o [1]
  .text        ro code        0x6bc    0x8  startup_MKL46Z4.o [1]
  .text        ro code        0x6c4    0x8  startup_MKL46Z4.o [1]
  .text        ro code        0x6cc    0x8  startup_MKL46Z4.o [1]
  .text        ro code        0x6d4    0x8  startup_MKL46Z4.o [1]
  .text        ro code        0x6dc    0x8  startup_MKL46Z4.o [1]
  .text        ro code        0x6e4    0x8  startup_MKL46Z4.o [1]
  .text        ro code        0x6ec    0x2  startup_MKL46Z4.o [1]
  .text        ro code        0x6ee    0x2  startup_MKL46Z4.o [1]
                            - 0x6f0  0x2e0

"P3":                                0x800
  CSTACK                0x1fff'e000  0x800  <Block>
    CSTACK     uninit   0x1fff'e000  0x800  <Block tail>
                      - 0x1fff'e800  0x800

Unused ranges:

         From           To      Size
         ----           --      ----
         0xc0        0x3ff     0x340
        0x6f0     0x3'ffff  0x3'f910
  0x1fff'e800  0x1fff'ffff    0x1800
  0x2000'0000  0x2000'5fff    0x6000



*******************************************************************************
*** MODULE SUMMARY
***

    Module             ro code  rw data
    ------             -------  -------
command line/config:
    -----------------------------------
    Total:

B:\Tai lieu C C++\30 Hoc lap trinh nhung\Project_IAR\UART_chuan\project\Debug\Obj: [1]
    startup_MKL46Z4.o      358
    system_MKL46Z4.o        12
    uart_code.o            490
    -----------------------------------
    Total:                 860

dl6M_tln.a: [2]
    exit.o                   8
    low_level_init.o         4
    -----------------------------------
    Total:                  12

rt6M_tl.a: [3]
    cexit.o                 10
    cmain.o                 30
    cstartup_M.o            12
    -----------------------------------
    Total:                  52

shb_l.a: [4]
    exit.o                  20
    -----------------------------------
    Total:                  20

    Linker created                2 048
---------------------------------------
    Grand Total:           944    2 048


*******************************************************************************
*** ENTRY LIST
***

Entry                      Address  Size  Type      Object
-----                      -------  ----  ----      ------
?main                        0x621        Code  Gb  cmain.o [3]
CSTACK$$Base           0x1fff'e000         --   Gb  - Linker created -
CSTACK$$Limit          0x1fff'e800         --   Gb  - Linker created -
Region$$Table$$Base            0x0         --   Gb  - Linker created -
Region$$Table$$Limit           0x0         --   Gb  - Linker created -
SystemInit                   0x66d   0x8  Code  Gb  system_MKL46Z4.o [1]
UpdateClockTo8Mhz_FEE        0x451  0x78  Code  Gb  uart_code.o [1]
__Vectors                      0x0         --   Gb  startup_MKL46Z4.o [1]
__Vectors_End                 0xc0        Data  Gb  startup_MKL46Z4.o [1]
__Vectors_Size {Abs}          0xc0         --   Gb  startup_MKL46Z4.o [1]
__cmain                      0x621        Code  Gb  cmain.o [3]
__exit                       0x659  0x14  Code  Gb  exit.o [4]
__iar_program_start          0x679        Code  Gb  cstartup_M.o [3]
__low_level_init             0x63f   0x4  Code  Gb  low_level_init.o [2]
__vector_table                 0x0        Data  Gb  startup_MKL46Z4.o [1]
__vector_table_0x1c           0x1c        Data  Gb  startup_MKL46Z4.o [1]
_call_main                   0x62d        Code  Gb  cmain.o [3]
_exit                        0x64d        Code  Gb  cexit.o [3]
_main                        0x63b        Code  Gb  cmain.o [3]
exit                         0x643   0x8  Code  Gb  exit.o [2]
init_led                     0x411  0x40  Code  Gb  uart_code.o [1]
main                         0x5e5  0x16  Code  Gb  uart_code.o [1]
uart0_putchar                0x565  0x10  Code  Gb  uart_code.o [1]
uart_init                    0x4c9  0x9c  Code  Gb  uart_code.o [1]


[1] = B:\Tai lieu C C++\30 Hoc lap trinh nhung\Project_IAR\UART_chuan\project\Debug\Obj
[2] = dl6M_tln.a
[3] = rt6M_tl.a
[4] = shb_l.a

    944 bytes of readonly  code memory
  2 048 bytes of readwrite data memory

Errors: none
Warnings: none
